[demedcon.sdumc.ac.in/index.html]
[backblue.gif]
[fade.gif]
[index.html]
[demedcon.sdumc.ac.in/registration.html]
[demedcon.sdumc.ac.in/Itinerry.html]
[demedcon.sdumc.ac.in/resource-persons.html]
[demedcon.sdumc.ac.in/gallery.html]
[demedcon.sdumc.ac.in/brochure.html]
[demedcon.sdumc.ac.in/storage/university.webp]
[demedcon.sdumc.ac.in/storage/Nagraja.webp]
[demedcon.sdumc.ac.in/storage/Rajendra.webp]
[demedcon.sdumc.ac.in/storage/Hunumantha.webp]
[demedcon.sdumc.ac.in/storage/DVLNPrasad.jpg]
[demedcon.sdumc.ac.in/storage/vengamma.webp]
[demedcon.sdumc.ac.in/storage/munirayanna.jpg]
[demedcon.sdumc.ac.in/storage/vishwas.webp]
[demedcon.sdumc.ac.in/storage/ashwini.webp]
[demedcon.sdumc.ac.in/storage/naresh.webp]
[demedcon.sdumc.ac.in/storage/likitha.jpg]
[demedcon.sdumc.ac.in/storage/deepak.webp]
[demedcon.sdumc.ac.in/storage/gaddam.jpg]
[demedcon.sdumc.ac.in/storage/faizur.webp]
[demedcon.sdumc.ac.in/storage/pooja.webp]
[demedcon.sdumc.ac.in/storage/gagan.webp]
[demedcon.sdumc.ac.in/storage/kolar_heritage.jpg]
[demedcon.sdumc.ac.in/storage/kurudumalemahaganapathy.webp]
[demedcon.sdumc.ac.in/storage/Avani.jpg]
[demedcon.sdumc.ac.in/storage/AntargangeHills.jpg]
[demedcon.sdumc.ac.in/storage/kgf.webp]
[demedcon.sdumc.ac.in/storage/kgf_club.webp]
[demedcon.sdumc.ac.in/storage/KolarammaKere.jpg]
[demedcon.sdumc.ac.in/storage/Kotilinga.jpg]
[demedcon.sdumc.ac.in/index.html]
[demedcon.sdumc.ac.in/storage/payment_qr.png]
[demedcon.sdumc.ac.in/Captcha/init20bb.png]
[demedcon.sdumc.ac.in/registration.html]
[demedcon.sdumc.ac.in/Itinerry.html]
[demedcon.sdumc.ac.in/resource-persons.html]
[demedcon.sdumc.ac.in/gallery.html]
[demedcon.sdumc.ac.in/brochure.html]
[demedcon.sdumc.ac.in/storage/prabhakar.webp]
[demedcon.sdumc.ac.in/storage/prabhakar.svg]
[demedcon.sdumc.ac.in/storage/vinutha.webp]
[demedcon.sdumc.ac.in/storage/vinutha.svg]
[demedcon.sdumc.ac.in/storage/krishnappa.webp]
[demedcon.sdumc.ac.in/storage/krishnappa.svg]
[demedcon.sdumc.ac.in/storage/sarala.webp]
[demedcon.sdumc.ac.in/storage/sarala.svg]
[demedcon.sdumc.ac.in/storage/kalyani.webp]
[demedcon.sdumc.ac.in/storage/kalyani.svg]
[demedcon.sdumc.ac.in/storage/pradeepts.webp]
[demedcon.sdumc.ac.in/storage/pradeep.svg]
